timestamp_s,agv_x,agv_y,agv_v,safety_state,min_dist_m,ttc_s,cmd_v
0.0000,0.0000,0.0000,0.0000,NORMAL,-1.0000,-1.0000,1.2000
0.0500,0.0025,0.0000,0.0500,NORMAL,-1.0000,-1.0000,1.2000
0.1000,0.0075,0.0000,0.1000,NORMAL,-1.0000,-1.0000,1.2000
0.1500,0.0150,0.0000,0.1500,NORMAL,-1.0000,-1.0000,1.2000
0.2000,0.0250,0.0000,0.2000,NORMAL,-1.0000,-1.0000,1.2000
0.2500,0.0375,0.0000,0.2500,NORMAL,-1.0000,-1.0000,1.2000
0.3000,0.0525,0.0000,0.3000,NORMAL,-1.0000,-1.0000,1.2000
0.3500,0.0700,0.0000,0.3500,NORMAL,-1.0000,-1.0000,1.2000
0.4000,0.0900,0.0000,0.4000,NORMAL,-1.0000,-1.0000,1.2000
0.4500,0.1125,0.0000,0.4500,NORMAL,-1.0000,-1.0000,1.2000
0.5000,0.1375,0.0000,0.5000,NORMAL,-1.0000,-1.0000,1.2000
0.5500,0.1650,0.0000,0.5500,NORMAL,-1.0000,-1.0000,1.2000
0.6000,0.1950,0.0000,0.6000,NORMAL,-1.0000,-1.0000,1.2000
0.6500,0.2275,0.0000,0.6500,NORMAL,-1.0000,-1.0000,1.2000
0.7000,0.2625,0.0000,0.7000,NORMAL,-1.0000,-1.0000,1.2000
0.7500,0.3000,0.0000,0.7500,NORMAL,-1.0000,-1.0000,1.2000
0.8000,0.3400,0.0000,0.8000,NORMAL,-1.0000,-1.0000,1.2000
0.8500,0.3825,0.0000,0.8500,NORMAL,-1.0000,-1.0000,1.2000
0.9000,0.4275,0.0000,0.9000,NORMAL,-1.0000,-1.0000,1.2000
0.9500,0.4750,0.0000,0.9500,NORMAL,-1.0000,-1.0000,1.2000
1.0000,0.5250,0.0000,1.0000,NORMAL,-1.0000,-1.0000,1.2000
1.0500,0.5775,0.0000,1.0500,NORMAL,-1.0000,-1.0000,1.2000
1.1000,0.6325,0.0000,1.1000,NORMAL,-1.0000,-1.0000,1.2000
1.1500,0.6900,0.0000,1.1500,NORMAL,-1.0000,-1.0000,1.2000
1.2000,0.7500,0.0000,1.2000,NORMAL,-1.0000,-1.0000,1.2000
1.2500,0.8100,0.0000,1.2000,NORMAL,-1.0000,-1.0000,1.2000
1.3000,0.8700,0.0000,1.2000,NORMAL,-1.0000,-1.0000,1.2000
1.3500,0.9300,0.0000,1.2000,NORMAL,-1.0000,-1.0000,1.2000
1.4000,0.9900,0.0000,1.2000,NORMAL,-1.0000,-1.0000,1.2000
1.4500,1.0500,0.0000,1.2000,NORMAL,-1.0000,-1.0000,1.2000
1.5000,1.1100,0.0000,1.2000,NORMAL,-1.0000,-1.0000,1.2000
1.5500,1.1700,0.0000,1.2000,NORMAL,-1.0000,-1.0000,1.2000
1.6000,1.2300,0.0000,1.2000,NORMAL,-1.0000,-1.0000,1.2000
1.6500,1.2900,0.0000,1.2000,NORMAL,-1.0000,-1.0000,1.2000
1.7000,1.3500,0.0000,1.2000,NORMAL,-1.0000,-1.0000,1.2000
1.7500,1.4100,0.0000,1.2000,NORMAL,-1.0000,-1.0000,1.2000
1.8000,1.4700,0.0000,1.2000,NORMAL,-1.0000,-1.0000,1.2000
1.8500,1.5300,0.0000,1.2000,NORMAL,-1.0000,-1.0000,1.2000
1.9000,1.5900,0.0000,1.2000,NORMAL,-1.0000,-1.0000,1.2000
1.9500,1.6500,0.0000,1.2000,NORMAL,-1.0000,-1.0000,1.2000
2.0000,1.7100,0.0000,1.2000,NORMAL,-1.0000,-1.0000,1.2000
2.0500,1.7700,0.0000,1.2000,NORMAL,-1.0000,-1.0000,1.2000
2.1000,1.8300,0.0000,1.2000,NORMAL,-1.0000,-1.0000,1.2000
2.1500,1.8900,0.0000,1.2000,NORMAL,-1.0000,-1.0000,1.2000
2.2000,1.9500,0.0000,1.2000,NORMAL,-1.0000,-1.0000,1.2000
2.2500,2.0100,0.0000,1.2000,NORMAL,-1.0000,-1.0000,1.2000
2.3000,2.0700,0.0000,1.2000,NORMAL,-1.0000,-1.0000,1.2000
2.3500,2.1300,0.0000,1.2000,NORMAL,-1.0000,-1.0000,1.2000
2.4000,2.1900,0.0000,1.2000,NORMAL,-1.0000,-1.0000,1.2000
2.4500,2.2500,0.0000,1.2000,NORMAL,-1.0000,-1.0000,1.2000
2.5000,2.3100,0.0000,1.2000,NORMAL,-1.0000,-1.0000,1.2000
2.5500,2.3700,0.0000,1.2000,NORMAL,-1.0000,-1.0000,1.2000
2.6000,2.4300,0.0000,1.2000,NORMAL,-1.0000,-1.0000,1.2000
2.6500,2.4900,0.0000,1.2000,NORMAL,-1.0000,-1.0000,1.2000
2.7000,2.5500,0.0000,1.2000,NORMAL,-1.0000,-1.0000,1.2000
2.7500,2.6100,0.0000,1.2000,NORMAL,-1.0000,-1.0000,1.2000
2.8000,2.6700,0.0000,1.2000,NORMAL,-1.0000,-1.0000,1.2000
2.8500,2.7300,0.0000,1.2000,NORMAL,-1.0000,-1.0000,1.2000
2.9000,2.7900,0.0000,1.2000,NORMAL,-1.0000,-1.0000,1.2000
2.9500,2.8500,0.0000,1.2000,NORMAL,-1.0000,-1.0000,1.2000
3.0000,2.9100,0.0000,1.2000,NORMAL,-1.0000,-1.0000,1.2000
3.0500,2.9700,0.0000,1.2000,NORMAL,-1.0000,-1.0000,1.2000
3.1000,3.0300,0.0000,1.2000,NORMAL,-1.0000,-1.0000,1.2000
3.1500,3.0900,0.0000,1.2000,NORMAL,-1.0000,-1.0000,1.2000
3.2000,3.1500,0.0000,1.2000,NORMAL,-1.0000,-1.0000,1.2000
3.2500,3.2100,0.0000,1.2000,NORMAL,-1.0000,-1.0000,1.2000
3.3000,3.2700,0.0000,1.2000,NORMAL,-1.0000,-1.0000,1.2000
3.3500,3.3300,0.0000,1.2000,NORMAL,-1.0000,-1.0000,1.2000
3.4000,3.3900,0.0000,1.2000,NORMAL,-1.0000,-1.0000,1.2000
3.4500,3.4500,0.0000,1.2000,NORMAL,-1.0000,-1.0000,1.2000
3.5000,3.5100,0.0000,1.2000,NORMAL,-1.0000,-1.0000,1.2000
3.5500,3.5700,0.0000,1.2000,NORMAL,-1.0000,-1.0000,1.2000
3.6000,3.6300,0.0000,1.2000,NORMAL,-1.0000,-1.0000,1.2000
3.6500,3.6900,0.0000,1.2000,NORMAL,-1.0000,-1.0000,1.2000
3.7000,3.7500,0.0000,1.2000,NORMAL,-1.0000,-1.0000,1.2000
3.7500,3.8100,0.0000,1.2000,NORMAL,-1.0000,-1.0000,1.2000
3.8000,3.8700,0.0000,1.2000,NORMAL,-1.0000,-1.0000,1.2000
3.8500,3.9300,0.0000,1.2000,NORMAL,-1.0000,-1.0000,1.2000
3.9000,3.9900,0.0000,1.2000,NORMAL,-1.0000,-1.0000,1.2000
3.9500,4.0500,0.0000,1.2000,NORMAL,-1.0000,-1.0000,1.2000
